Turbo Assembler	 Version 3.1	    10/01/14 11:00:45	    Page 1
HELLOW.ASM



      1	0000			     .model small
      2	0000			     .stack 100h
      3
      4	0000			     .data
      5	0000  48 65 6C 6C 6F 2C	20+	     msg    db	    "Hello, World!", 0Dh,0Ah, 24h
      6	      57 6F 72 6C 64 21	0D+
      7	      0A 24
      8
      9	0010			     .code
     10
     11	0000			     start:
     12	0000  BA 0000s			     MOV dx, @data		     ; perkelti	data i registra	ax
     13	0003  8E DA			     MOV ds, dx			     ; perkelti	ax (data) i data segmenta
     14
     15	0005  BA 0000r			     mov     dx, offset	msg
     16	0008  B4 09			     mov     ah, 09h
     17	000A  CD 21			     int     21h
     18
     19	000C  B4 4C			     MOV ah, 4ch		     ; griztame	i dos'a
     20	000E  B0 00			     MOV al, 0			     ; be klaidu
     21	0010  CD 21			     INT 21h			     ; dos'o INTeruptas
     22				     end start
Turbo Assembler	 Version 3.1	    10/01/14 11:00:45	    Page 2
Symbol Table




Symbol Name			  Type	 Value

??DATE				  Text	 "10/01/14"
??FILENAME			  Text	 "HELLOW  "
??TIME				  Text	 "11:00:45"
??VERSION			  Number 030A
@32BIT				  Text	 0
@CODE				  Text	 _TEXT
@CODESIZE			  Text	 0
@CPU				  Text	 0101H
@CURSEG				  Text	 _TEXT
@DATA				  Text	 DGROUP
@DATASIZE			  Text	 0
@FILENAME			  Text	 HELLOW
@INTERFACE			  Text	 00H
@MODEL				  Text	 2
@STACK				  Text	 DGROUP
@WORDSIZE			  Text	 2
MSG				  Byte	 DGROUP:0000
START				  Near	 _TEXT:0000

Groups & Segments		  Bit Size Align  Combine Class

DGROUP				  Group
  STACK				  16  0100 Para	  Stack	  STACK
  _DATA				  16  0010 Word	  Public  DATA
_TEXT				  16  0012 Word	  Public  CODE
